C3440 1920x804 0.79s
C3441 1920x804 0.48s
C3442 1920x804 0.47s
C3443 1920x804 0.50s
C3444 1920x804 0.49s
C3445 1920x804 0.48s
C3446 1920x804 0.49s
C3447 1920x804 0.49s
C3448 1920x804 0.48s
C3449 1920x804 0.47s
C3450 1920x804 0.49s
C3451 1920x804 0.47s
C3452 1920x804 0.55s
C3453 1920x804 0.45s
C3454 1920x804 0.45s
C3455 1920x804 0.45s
C3456 1920x804 0.48s
C3457 1920x804 0.44s
C3458 1920x804 0.44s
C3459 1920x804 0.43s
C3460 1920x804 0.44s
C3461 1920x804 0.44s
C3462 1920x804 0.44s
C3463 1920x804 0.44s
C3464 1920x804 0.45s
C3465 1920x804 0.46s
C3466 1920x804 0.48s
C3467 1920x804 0.45s
C3468 1920x804 0.46s
C3469 1920x804 0.45s
C3470 1920x804 0.44s
C3471 1920x804 0.45s
C3472 1920x804 0.44s
C3473 1920x804 0.45s
C3474 1920x804 0.45s
C3475 1920x804 0.45s
C3476 1920x804 0.47s
C3477 1920x804 0.46s
C3478 1920x804 0.48s
C3479 1920x804 0.46s
C3480 1920x804 0.50s
C3481 1920x804 0.47s
C3482 1920x804 0.45s
C3483 1920x804 0.45s
C3484 1920x804 0.45s
C3485 1920x804 0.45s
C3486 1920x804 0.48s
C3487 1920x804 0.45s
C3488 1920x804 0.45s
C3489 1920x804 0.44s
C3490 1920x804 0.45s
C3491 1920x804 0.45s
C3492 1920x804 0.44s
C3493 1920x804 0.45s
C3494 1920x804 0.46s
C3495 1920x804 0.47s
C3496 1920x804 0.48s
C3497 1920x804 0.46s
C3498 1920x804 0.45s
C3499 1920x804 0.46s
C3500 1920x804 0.45s
C3501 1920x804 0.44s
C3502 1920x804 0.44s
C3503 1920x804 0.43s
C3504 1920x804 0.44s
C3505 1920x804 0.47s
C3506 1920x804 0.45s
C3507 1920x804 0.47s
C3508 1920x804 0.45s
C3509 1920x804 0.45s
C3510 1920x804 0.44s
C3511 1920x804 0.44s
C3512 1920x804 0.44s
C3513 1920x804 0.44s
C3514 1920x804 0.44s
C3515 1920x804 0.46s
C3516 1920x804 0.46s
C3517 1920x804 0.51s
C3518 1920x804 0.50s
C3519 1920x804 0.52s
C3520 1920x804 0.54s
C3521 1920x804 0.52s
C3522 1920x804 0.51s
C3523 1920x804 0.52s
C3524 1920x804 0.51s
C3525 1920x804 0.52s
C3526 1920x804 0.52s
C3527 1920x804 0.53s
C3528 1920x804 0.51s
C3529 1920x804 0.51s
C3530 1920x804 0.50s
C3531 1920x804 0.53s
C3532 1920x804 0.54s
C3533 1920x804 0.61s
C3534 1920x804 0.57s
C3535 1920x804 0.56s
C3536 1920x804 0.56s
C3537 1920x804 0.59s
C3538 1920x804 0.58s
C3539 1920x804 0.56s
C3540 1920x804 0.54s
C3541 1920x804 0.54s
C3542 1920x804 0.54s
C3543 1920x804 0.57s
C3544 1920x804 0.54s
C3545 1920x804 0.58s
C3546 1920x804 0.57s
C3547 1920x804 0.57s
C3548 1920x804 0.61s
C3549 1920x804 0.58s
C3550 1920x804 0.58s
C3551 1920x804 0.73s
C3552 1920x804 0.60s
C3553 1920x804 0.57s
C3554 1920x804 0.58s
C3555 1920x804 0.57s
C3556 1920x804 0.58s
C3557 1920x804 0.57s
C3558 1920x804 0.58s
C3559 1920x804 0.62s
C3560 1920x804 0.58s
C3561 1920x804 0.57s
C3562 1920x804 0.57s
C3563 1920x804 0.77s
C3564 1920x804 0.74s
C3565 1920x804 0.75s
C3566 1920x804 0.65s
C3567 1920x804 0.68s
C3568 1920x804 0.62s
C3569 1920x804 0.60s
C3570 1920x804 0.63s
C3571 1920x804 0.59s
C3572 1920x804 0.61s
C3573 1920x804 0.59s
C3574 1920x804 0.61s
C3575 1920x804 0.60s
C3576 1920x804 0.58s
C3577 1920x804 0.58s
C3578 1920x804 0.60s
C3579 1920x804 0.61s
C3580 1920x804 0.67s
C3581 1920x804 0.71s
C3582 1920x804 0.66s
C3583 1920x804 0.61s
C3584 1920x804 0.67s
C3585 1920x804 0.63s
C3586 1920x804 0.64s
C3587 1920x804 0.67s
C3588 1920x804 0.62s
C3589 1920x804 0.66s
C3590 1920x804 0.65s
C3591 1920x804 0.68s
C3592 1920x804 0.64s
C3593 1920x804 0.62s
C3594 1920x804 0.61s
C3595 1920x804 0.65s
C3596 1920x804 0.64s
C3597 1920x804 0.63s
C3598 1920x804 0.65s
C3599 1920x804 0.61s
C3600 1920x804 0.62s
C3601 1920x804 0.66s
C3602 1920x804 0.71s
C3603 1920x804 0.67s
C3604 1920x804 0.64s
C3605 1920x804 0.64s
C3606 1920x804 0.84s
C3607 1920x804 0.73s
C3608 1920x804 0.74s
C3609 1920x804 0.77s
C3610 1920x804 0.79s
C3611 1920x804 0.83s
C3612 1920x804 0.85s
C3613 1920x804 0.88s
C3614 1920x804 0.71s
C3615 1920x804 0.66s
C3616 1920x804 0.67s
C3617 1920x804 0.73s
C3618 1920x804 0.72s
C3619 1920x804 0.69s
C3620 1920x804 0.68s
C3621 1920x804 0.66s
C3622 1920x804 0.66s
C3623 1920x804 0.66s
C3624 1920x804 0.73s
C3625 1920x804 0.85s
C3626 1920x804 1.47s
C3627 1920x804 1.37s
C3628 1920x804 0.89s
C3629 1920x804 0.73s
C3630 1920x804 0.69s
C3631 1920x804 0.64s
C3632 1920x804 0.62s
C3633 1920x804 0.63s
C3634 1920x804 0.66s
C3635 1920x804 0.67s
C3636 1920x804 0.66s
C3637 1920x804 0.66s
C3638 1920x804 0.67s
C3639 1920x804 0.67s
C3640 1920x804 0.65s
C3641 1920x804 0.67s
C3642 1920x804 0.65s
C3643 1920x804 0.68s
C3644 1920x804 0.70s
C3645 1920x804 0.68s
C3646 1920x804 0.74s
C3647 1920x804 0.67s
C3648 1920x804 0.69s
C3649 1920x804 0.79s
C3650 1920x804 0.69s
C3651 1920x804 0.70s
C3652 1920x804 0.67s
C3653 1920x804 0.68s
C3654 1920x804 0.68s
C3655 1920x804 0.68s
C3656 1920x804 0.67s
C3657 1920x804 0.68s
C3658 1920x804 0.65s
C3659 1920x804 0.64s
C3660 1920x804 0.72s
C3661 1920x804 0.70s
C3662 1920x804 0.68s
C3663 1920x804 0.67s
C3664 1920x804 0.68s
C3665 1920x804 0.67s
C3666 1920x804 0.67s
C3667 1920x804 0.67s
C3668 1920x804 0.72s
C3669 1920x804 0.69s
C3670 1920x804 0.68s
C3671 1920x804 0.68s
C3672 1920x804 0.73s
C3673 1920x804 0.77s
C3674 1920x804 0.85s
C3675 1920x804 0.81s
C3676 1920x804 0.71s
C3677 1920x804 0.69s
C3678 1920x804 0.69s
C3679 1920x804 0.77s
C3680 1920x804 0.71s
C3681 1920x804 0.71s
C3682 1920x804 0.70s
C3683 1920x804 0.98s
C3684 1920x804 1.28s
C3685 1920x804 1.21s
C3686 1920x804 1.04s
C3687 1920x804 1.01s
C3688 1920x804 0.68s
C3689 1920x804 0.67s
C3690 1920x804 0.65s
C3691 1920x804 0.62s
C3692 1920x804 0.64s
C3693 1920x804 0.65s
C3694 1920x804 0.62s
C3695 1920x804 0.64s
C3696 1920x804 0.65s
C3697 1920x804 0.65s
C3698 1920x804 0.65s
C3699 1920x804 0.66s
C3700 1920x804 0.58s
C3701 1920x804 0.58s
C3702 1920x804 0.51s
C3703 1920x804 0.51s
C3704 1920x804 0.51s
C3705 1920x804 0.52s
C3706 1920x804 0.52s
C3707 1920x804 0.52s
C3708 1920x804 0.51s
C3709 1920x804 0.52s
C3710 1920x804 0.53s
C3711 1920x804 0.59s
C3712 1920x804 0.55s
C3713 1920x804 0.53s
C3714 1920x804 0.52s
C3715 1920x804 0.56s
C3716 1920x804 0.58s
C3717 1920x804 0.62s
C3718 1920x804 0.55s
C3719 1920x804 0.53s
C3720 1920x804 0.54s
C3721 1920x804 0.52s
C3722 1920x804 0.58s
C3723 1920x804 0.52s
C3724 1920x804 0.51s
C3725 1920x804 0.52s
C3726 1920x804 0.52s
C3727 1920x804 0.52s
C3728 1920x804 0.52s
C3729 1920x804 0.51s
C3730 1920x804 0.51s
C3731 1920x804 0.53s
C3732 1920x804 0.54s
C3733 1920x804 0.57s
C3734 1920x804 0.52s
C3735 1920x804 0.52s
C3736 1920x804 0.52s
C3737 1920x804 0.51s
C3738 1920x804 0.51s
C3739 1920x804 0.51s
C3740 1920x804 0.50s
C3741 1920x804 0.52s
C3742 1920x804 0.52s
C3743 1920x804 0.54s
C3744 1920x804 0.53s
C3745 1920x804 0.55s
C3746 1920x804 0.63s
C3747 1920x804 0.54s
C3748 1920x804 0.53s
C3749 1920x804 0.52s
C3750 1920x804 0.51s
C3751 1920x804 0.54s
C3752 1920x804 0.52s
C3753 1920x804 0.52s
C3754 1920x804 0.58s
C3755 1920x804 0.52s
C3756 1920x804 0.51s
C3757 1920x804 0.51s
C3758 1920x804 0.51s
C3759 1920x804 0.50s
C3760 1920x804 0.50s
C3761 1920x804 0.50s
C3762 1920x804 0.51s
C3763 1920x804 0.53s
C3764 1920x804 0.52s
C3765 1920x804 0.55s
C3766 1920x804 0.51s
C3767 1920x804 0.51s
C3768 1920x804 0.51s
C3769 1920x804 0.51s
C3770 1920x804 0.51s
C3771 1920x804 0.52s
C3772 1920x804 0.51s
C3773 1920x804 0.52s
C3774 1920x804 0.52s
C3775 1920x804 0.55s
C3776 1920x804 0.55s
C3777 1920x804 0.53s
C3778 1920x804 0.52s
C3779 1920x804 0.53s
C3780 1920x804 0.61s
C3781 1920x804 0.69s
C3782 1920x804 0.72s
C3783 1920x804 0.85s
C3784 1920x804 1.17s
C3785 1920x804 1.37s
C3786 1920x804 1.12s
C3787 1920x804 1.21s
C3788 1920x804 1.03s
C3789 1920x804 1.04s
C3790 1920x804 0.91s
C3791 1920x804 1.16s
C3792 1920x804 1.14s
C3793 1920x804 1.29s
C3794 1920x804 1.23s
C3795 1920x804 1.14s
C3796 1920x804 1.16s
C3797 1920x804 1.23s
C3798 1920x804 1.30s
C3799 1920x804 1.16s
C3800 1920x804 1.54s
C3801 1920x804 1.17s
C3802 1920x804 1.01s
C3803 1920x804 1.11s
C3804 1920x804 1.01s
C3805 1920x804 0.94s
C3806 1920x804 0.92s
C3807 1920x804 0.81s
C3808 1920x804 0.82s
C3809 1920x804 0.81s
C3810 1920x804 0.72s
C3811 1920x804 0.72s
C3812 1920x804 0.79s
C3813 1920x804 0.79s
C3814 1920x804 0.75s
C3815 1920x804 0.73s
C3816 1920x804 0.76s
C3817 1920x804 0.72s
C3818 1920x804 0.72s
C3819 1920x804 0.72s
C3820 1920x804 0.75s
C3821 1920x804 0.72s
C3822 1920x804 0.80s
C3823 1920x804 0.77s
C3824 1920x804 0.78s
C3825 1920x804 0.72s
C3826 1920x804 0.73s
C3827 1920x804 0.73s
C3828 1920x804 0.75s
C3829 1920x804 0.78s
C3830 1920x804 0.85s
C3831 1920x804 0.97s
C3832 1920x804 0.82s
C3833 1920x804 0.76s
C3834 1920x804 0.87s
C3835 1920x804 0.92s
C3836 1920x804 0.86s
C3837 1920x804 0.81s
C3838 1920x804 0.73s
C3839 1920x804 0.71s
      256.47 real       196.37 user        55.08 sys
          1085554688  maximum resident set size
                   0  average shared memory size
                   0  average unshared data size
                   0  average unshared stack size
             1083198  page reclaims
                2591  page faults
                   0  swaps
                   0  block input operations
                   0  block output operations
                   0  messages sent
                   0  messages received
                   0  signals received
                1305  voluntary context switches
              269876  involuntary context switches
       2573822458238  instructions retired
        672255807667  cycles elapsed
           542230016  peak memory footprint
